#-----------------------------------------------------------
# Vivado v2019.1 (64-bit)
# SW Build 2552052 on Fri May 24 14:47:09 MDT 2019
# IP Build 2548770 on Fri May 24 18:01:18 MDT 2019
# Start of session at: Thu Oct 17 12:29:24 2019
# Process ID: 17097
# Current directory: /media/2TB/workspace/rsarwar/work/enclastra/pe1_zx1/mercury_pe1_fmc104/Vivado_PE1/MercuryZX1_PE1.runs/MercuryZX1_rst_mig_7series_0_100M_0_synth_1
# Command line: vivado -log MercuryZX1_rst_mig_7series_0_100M_0.vds -product Vivado -mode batch -messageDb vivado.pb -notrace -source MercuryZX1_rst_mig_7series_0_100M_0.tcl
# Log file: /media/2TB/workspace/rsarwar/work/enclastra/pe1_zx1/mercury_pe1_fmc104/Vivado_PE1/MercuryZX1_PE1.runs/MercuryZX1_rst_mig_7series_0_100M_0_synth_1/MercuryZX1_rst_mig_7series_0_100M_0.vds
# Journal file: /media/2TB/workspace/rsarwar/work/enclastra/pe1_zx1/mercury_pe1_fmc104/Vivado_PE1/MercuryZX1_PE1.runs/MercuryZX1_rst_mig_7series_0_100M_0_synth_1/vivado.jou
#-----------------------------------------------------------
source MercuryZX1_rst_mig_7series_0_100M_0.tcl -notrace
