18:31:16 **** Auto Build of configuration Debug for project MemoryTest ****
make pre-build main-build 
a9-linaro-pre-build-step
 
Building file: ../src/ENC_memtester.c
Invoking: ARM v7 gcc compiler
arm-none-eabi-gcc -Wall -O0 -g3 -c -fmessage-length=0 -MT"src/ENC_memtester.o" -mcpu=cortex-a9 -mfpu=vfpv3 -mfloat-abi=hard -I/media/2TB/workspace/rsarwar/work/enclastra/pe1_zx1/mercury_pe1_fmc104/workspace/standalone_bsp_0/ps7_cortexa9_0/include -MMD -MP -MF"src/ENC_memtester.d" -MT"src/ENC_memtester.o" -o "src/ENC_memtester.o" "../src/ENC_memtester.c"
Finished building: ../src/ENC_memtester.c
 
Building file: ../src/main.c
Invoking: ARM v7 gcc compiler
arm-none-eabi-gcc -Wall -O0 -g3 -c -fmessage-length=0 -MT"src/main.o" -mcpu=cortex-a9 -mfpu=vfpv3 -mfloat-abi=hard -I/media/2TB/workspace/rsarwar/work/enclastra/pe1_zx1/mercury_pe1_fmc104/workspace/standalone_bsp_0/ps7_cortexa9_0/include -MMD -MP -MF"src/main.d" -MT"src/main.o" -o "src/main.o" "../src/main.c"
Finished building: ../src/main.c
 
Building file: ../src/tests.c
Invoking: ARM v7 gcc compiler
arm-none-eabi-gcc -Wall -O0 -g3 -c -fmessage-length=0 -MT"src/tests.o" -mcpu=cortex-a9 -mfpu=vfpv3 -mfloat-abi=hard -I/media/2TB/workspace/rsarwar/work/enclastra/pe1_zx1/mercury_pe1_fmc104/workspace/standalone_bsp_0/ps7_cortexa9_0/include -MMD -MP -MF"src/tests.d" -MT"src/tests.o" -o "src/tests.o" "../src/tests.c"
Finished building: ../src/tests.c
 
Building target: MemoryTest.elf
Invoking: ARM v7 gcc linker
arm-none-eabi-gcc -mcpu=cortex-a9 -mfpu=vfpv3 -mfloat-abi=hard -Wl,-build-id=none -specs=Xilinx.spec -Wl,-T -Wl,../src/lscript.ld -L/media/2TB/workspace/rsarwar/work/enclastra/pe1_zx1/mercury_pe1_fmc104/workspace/standalone_bsp_0/ps7_cortexa9_0/lib -o "MemoryTest.elf"  ./src/ENC_memtester.o ./src/main.o ./src/tests.o   -Wl,--start-group,-lxil,-lgcc,-lc,--end-group -Wl,--start-group,-lxil,-llwip4,-lgcc,-lc,--end-group -Wl,--start-group,-lxilisf,-lxil,-lgcc,-lc,--end-group -Wl,--start-group,-lxilffs,-lxil,-lgcc,-lc,--end-group
Finished building target: MemoryTest.elf
 
Invoking: ARM v7 Print Size
arm-none-eabi-size MemoryTest.elf  |tee "MemoryTest.elf.size"
   text	   data	    bss	    dec	    hex	filename
  44540	   2800	  23336	  70676	  11414	MemoryTest.elf
Finished building: MemoryTest.elf.size
 

18:31:17 Build Finished (took 371ms)

