Copyright 1986-2019 Xilinx, Inc. All Rights Reserved.
----------------------------------------------------------------------------------------
| Tool Version : Vivado v.2019.1 (lin64) Build 2552052 Fri May 24 14:47:09 MDT 2019
| Date         : Thu Oct 17 08:41:16 2019
| Host         : ukaea-fpga running 64-bit KDE neon User Edition 5.16
| Command      : report_clock_utilization -file system_top_clock_utilization_routed.rpt
| Design       : system_top
| Device       : 7z030-fbg676
| Speed File   : -2  PRODUCTION 1.11 2014-09-11
| Design State : Routed
----------------------------------------------------------------------------------------

Clock Utilization Report

Table of Contents
-----------------
1. Clock Primitive Utilization
2. Global Clock Resources
3. Global Clock Source Details
4. Local Clock Details
5. Clock Regions: Key Resource Utilization
6. Clock Regions : Global Clock Summary
7. Device Cell Placement Summary for Global Clock g0
8. Device Cell Placement Summary for Global Clock g1
9. Device Cell Placement Summary for Global Clock g2
10. Device Cell Placement Summary for Global Clock g3
11. Device Cell Placement Summary for Global Clock g4
12. Device Cell Placement Summary for Global Clock g5
13. Device Cell Placement Summary for Global Clock g6
14. Device Cell Placement Summary for Global Clock g7
15. Device Cell Placement Summary for Global Clock g8
16. Device Cell Placement Summary for Global Clock g9
17. Device Cell Placement Summary for Global Clock g10
18. Device Cell Placement Summary for Global Clock g11
19. Device Cell Placement Summary for Global Clock g12
20. Device Cell Placement Summary for Global Clock g13
21. Device Cell Placement Summary for Global Clock g14
22. Device Cell Placement Summary for Global Clock g15
23. Clock Region Cell Placement per Global Clock: Region X0Y1
24. Clock Region Cell Placement per Global Clock: Region X1Y1
25. Clock Region Cell Placement per Global Clock: Region X0Y2
26. Clock Region Cell Placement per Global Clock: Region X1Y2
27. Clock Region Cell Placement per Global Clock: Region X0Y3
28. Clock Region Cell Placement per Global Clock: Region X1Y3

1. Clock Primitive Utilization
------------------------------

+----------+------+-----------+-----+--------------+--------+
| Type     | Used | Available | LOC | Clock Region | Pblock |
+----------+------+-----------+-----+--------------+--------+
| BUFGCTRL |   11 |        32 |   0 |            0 |      0 |
| BUFH     |    1 |        96 |   0 |            0 |      0 |
| BUFIO    |    0 |        20 |   0 |            0 |      0 |
| BUFMR    |    0 |        10 |   0 |            0 |      0 |
| BUFR     |    4 |        20 |   0 |            0 |      0 |
| MMCM     |    2 |         5 |   1 |            0 |      0 |
| PLL      |    1 |         5 |   1 |            0 |      0 |
+----------+------+-----------+-----+--------------+--------+


2. Global Clock Resources
-------------------------

+-----------+-----------+-----------------+------------+----------------+--------------+-------------------+-------------+-----------------+--------------+--------------------------------------------------------------------------------------------+-------------------------------------------------------------------------------------+---------------------------------------------------------------------------------------+
| Global Id | Source Id | Driver Type/Pin | Constraint | Site           | Clock Region | Load Clock Region | Clock Loads | Non-Clock Loads | Clock Period | Clock                                                                                      | Driver Pin                                                                          | Net                                                                                   |
+-----------+-----------+-----------------+------------+----------------+--------------+-------------------+-------------+-----------------+--------------+--------------------------------------------------------------------------------------------+-------------------------------------------------------------------------------------+---------------------------------------------------------------------------------------+
| g0        | src0      | BUFG/O          | None       | BUFGCTRL_X0Y0  | n/a          |                 4 |        8434 |               0 |        5.000 | clk_out1_MercuryZX1_clk_wiz_0                                                              | i_system/clk_wiz/inst/clkout1_buf/O                                                 | i_system/clk_wiz/inst/clk_out1                                                        |
| g1        | src1      | BUFG/O          | None       | BUFGCTRL_X0Y16 | n/a          |                 5 |        6717 |               0 |       10.000 | clk_pll_i                                                                                  | i_system/SDRAM/u_MercuryZX1_SDRAM_0_mig/u_ddr3_infrastructure/u_bufg_clkdiv0/O      | i_system/SDRAM/u_MercuryZX1_SDRAM_0_mig/u_ddr3_infrastructure/CLK                     |
| g2        | src2      | BUFG/O          | None       | BUFGCTRL_X0Y17 | n/a          |                 6 |        4768 |               0 |       10.000 | clk_fpga_0                                                                                 | i_system/processing_system7_1/inst/buffer_fclk_clk_0.FCLK_CLK_0_BUFG/O              | i_system/processing_system7_1/inst/FCLK_CLK0                                          |
| g3        | src3      | BUFG/O          | None       | BUFGCTRL_X0Y4  | n/a          |                 2 |         489 |               0 |       33.000 | dbg_hub/inst/BSCANID.u_xsdbm_id/SWITCH_N_EXT_BSCAN.bscan_inst/SERIES7_BSCAN.bscan_inst/TCK | dbg_hub/inst/BSCANID.u_xsdbm_id/SWITCH_N_EXT_BSCAN.u_bufg_icon_tck/O                | dbg_hub/inst/BSCANID.u_xsdbm_id/itck_i                                                |
| g4        | src4      | BUFG/O          | None       | BUFGCTRL_X0Y18 | n/a          |                 3 |         260 |               0 |              |                                                                                            | CLK_GEN[0].INX/bufg_ab_inst/O                                                       | CLK_GEN[0].INX/ADC_Clk_Out                                                            |
| g5        | src5      | BUFG/O          | None       | BUFGCTRL_X0Y19 | n/a          |                 3 |         260 |               0 |              |                                                                                            | CLK_GEN[1].INX/bufg_ab_inst/O                                                       | CLK_GEN[1].INX/CLK                                                                    |
| g6        | src6      | BUFG/O          | None       | BUFGCTRL_X0Y1  | n/a          |                 4 |         260 |               0 |              |                                                                                            | CLK_GEN[2].INX/bufg_ab_inst/O                                                       | CLK_GEN[2].INX/CLK                                                                    |
| g7        | src7      | BUFG/O          | None       | BUFGCTRL_X0Y2  | n/a          |                 4 |         260 |               0 |              |                                                                                            | CLK_GEN[3].INX/bufg_ab_inst/O                                                       | CLK_GEN[3].INX/CLK                                                                    |
| g8        | src2      | BUFG/O          | None       | BUFGCTRL_X0Y20 | n/a          |                 2 |          33 |               0 |       20.000 | clk_fpga_1                                                                                 | i_system/processing_system7_1/inst/buffer_fclk_clk_1.FCLK_CLK_1_BUFG/O              | i_system/processing_system7_1/inst/FCLK_CLK1                                          |
| g9        | src8      | BUFG/O          | None       | BUFGCTRL_X0Y3  | n/a          |                 1 |          16 |               0 |        5.000 | CLK200_P                                                                                   | i_system/SDRAM/u_MercuryZX1_SDRAM_0_mig/u_iodelay_ctrl/clk_ref_200.u_bufg_clk_ref/O | i_system/SDRAM/u_MercuryZX1_SDRAM_0_mig/u_iodelay_ctrl/clk_ref_200.u_bufg_clk_ref_n_0 |
| g10       | src9      | BUFH/O          | None       | BUFHCE_X1Y36   | X1Y3         |                 1 |           1 |               0 |       10.000 | pll_clk3_out                                                                               | i_system/SDRAM/u_MercuryZX1_SDRAM_0_mig/u_ddr3_infrastructure/u_bufh_pll_clk3/O     | i_system/SDRAM/u_MercuryZX1_SDRAM_0_mig/u_ddr3_infrastructure/pll_clk3                |
| g11       | src0      | BUFG/O          | None       | BUFGCTRL_X0Y5  | n/a          |                 1 |           1 |               0 |       10.000 | clkfbout_MercuryZX1_clk_wiz_0                                                              | i_system/clk_wiz/inst/clkf_buf/O                                                    | i_system/clk_wiz/inst/clkfbout_buf_MercuryZX1_clk_wiz_0                               |
| g12       | src10     | BUFR/O          | None       | BUFR_X1Y8      | X1Y2         |                 1 |           0 |               1 |          n/a | n/a                                                                                        | CLK_GEN[0].INX/bufr_ab_inst/O                                                       | CLK_GEN[0].INX/adc_clock_in                                                           |
| g13       | src11     | BUFR/O          | None       | BUFR_X1Y9      | X1Y2         |                 1 |           0 |               1 |          n/a | n/a                                                                                        | CLK_GEN[1].INX/bufr_ab_inst/O                                                       | CLK_GEN[1].INX/adc_clock_in                                                           |
| g14       | src12     | BUFR/O          | None       | BUFR_X1Y4      | X1Y1         |                 1 |           0 |               1 |          n/a | n/a                                                                                        | CLK_GEN[2].INX/bufr_ab_inst/O                                                       | CLK_GEN[2].INX/adc_clock_in                                                           |
| g15       | src13     | BUFR/O          | None       | BUFR_X1Y5      | X1Y1         |                 1 |           0 |               1 |          n/a | n/a                                                                                        | CLK_GEN[3].INX/bufr_ab_inst/O                                                       | CLK_GEN[3].INX/adc_clock_in                                                           |
+-----------+-----------+-----------------+------------+----------------+--------------+-------------------+-------------+-----------------+--------------+--------------------------------------------------------------------------------------------+-------------------------------------------------------------------------------------+---------------------------------------------------------------------------------------+
* Clock Loads column represents the clock pin loads (pin count)
** Non-Clock Loads column represents the non-clock pin loads (pin count)


3. Global Clock Source Details
------------------------------

+-----------+-----------+---------------------+-----------------+-----------------+--------------+-------------+-----------------+---------------------+--------------------------------------------------------------------------------------------+--------------------------------------------------------------------------------------------+----------------------------------------------------------------------------+
| Source Id | Global Id | Driver Type/Pin     | Constraint      | Site            | Clock Region | Clock Loads | Non-Clock Loads | Source Clock Period | Source Clock                                                                               | Driver Pin                                                                                 | Net                                                                        |
+-----------+-----------+---------------------+-----------------+-----------------+--------------+-------------+-----------------+---------------------+--------------------------------------------------------------------------------------------+--------------------------------------------------------------------------------------------+----------------------------------------------------------------------------+
| src0      | g0        | MMCME2_ADV/CLKOUT0  | None            | MMCME2_ADV_X1Y1 | X1Y1         |           1 |               0 |               5.000 | clk_out1_MercuryZX1_clk_wiz_0                                                              | i_system/clk_wiz/inst/mmcm_adv_inst/CLKOUT0                                                | i_system/clk_wiz/inst/clk_out1_MercuryZX1_clk_wiz_0                        |
| src0      | g11       | MMCME2_ADV/CLKFBOUT | None            | MMCME2_ADV_X1Y1 | X1Y1         |           1 |               0 |              10.000 | clkfbout_MercuryZX1_clk_wiz_0                                                              | i_system/clk_wiz/inst/mmcm_adv_inst/CLKFBOUT                                               | i_system/clk_wiz/inst/clkfbout_MercuryZX1_clk_wiz_0                        |
| src1      | g1        | MMCME2_ADV/CLKFBOUT | MMCME2_ADV_X1Y3 | MMCME2_ADV_X1Y3 | X1Y3         |           1 |               0 |              10.000 | clk_pll_i                                                                                  | i_system/SDRAM/u_MercuryZX1_SDRAM_0_mig/u_ddr3_infrastructure/gen_mmcm.mmcm_i/CLKFBOUT     | i_system/SDRAM/u_MercuryZX1_SDRAM_0_mig/u_ddr3_infrastructure/clk_pll_i    |
| src2      | g2        | PS7/FCLKCLK[0]      | PS7_X0Y0        | PS7_X0Y0        | X0Y3         |           1 |               0 |              10.000 | clk_fpga_0                                                                                 | i_system/processing_system7_1/inst/PS7_i/FCLKCLK[0]                                        | i_system/processing_system7_1/inst/FCLK_CLK_unbuffered[0]                  |
| src2      | g8        | PS7/FCLKCLK[1]      | PS7_X0Y0        | PS7_X0Y0        | X0Y3         |           1 |               0 |              20.000 | clk_fpga_1                                                                                 | i_system/processing_system7_1/inst/PS7_i/FCLKCLK[1]                                        | i_system/processing_system7_1/inst/FCLK_CLK_unbuffered[1]                  |
| src3      | g3        | BSCANE2/TCK         | None            | BSCAN_X0Y0      | X1Y2         |           1 |               0 |              33.000 | dbg_hub/inst/BSCANID.u_xsdbm_id/SWITCH_N_EXT_BSCAN.bscan_inst/SERIES7_BSCAN.bscan_inst/TCK | dbg_hub/inst/BSCANID.u_xsdbm_id/SWITCH_N_EXT_BSCAN.bscan_inst/SERIES7_BSCAN.bscan_inst/TCK | dbg_hub/inst/BSCANID.u_xsdbm_id/SWITCH_N_EXT_BSCAN.bscan_inst/tck_bs       |
| src4      | g4        | BUFR/O              | None            | BUFR_X1Y8       | X1Y2         |           1 |               0 |                     |                                                                                            | CLK_GEN[0].INX/bufr_ab_inst/O                                                              | CLK_GEN[0].INX/adc_clock_in                                                |
| src5      | g5        | BUFR/O              | None            | BUFR_X1Y9       | X1Y2         |           1 |               0 |                     |                                                                                            | CLK_GEN[1].INX/bufr_ab_inst/O                                                              | CLK_GEN[1].INX/adc_clock_in                                                |
| src6      | g6        | BUFR/O              | None            | BUFR_X1Y4       | X1Y1         |           1 |               0 |                     |                                                                                            | CLK_GEN[2].INX/bufr_ab_inst/O                                                              | CLK_GEN[2].INX/adc_clock_in                                                |
| src7      | g7        | BUFR/O              | None            | BUFR_X1Y5       | X1Y1         |           1 |               0 |                     |                                                                                            | CLK_GEN[3].INX/bufr_ab_inst/O                                                              | CLK_GEN[3].INX/adc_clock_in                                                |
| src8      | g9        | IBUFDS/O            | IOB_X1Y72       | IOB_X1Y72       | X1Y1         |           2 |               0 |               5.000 | CLK200_P                                                                                   | i_system/SDRAM/u_MercuryZX1_SDRAM_0_mig/u_ddr3_clk_ibuf/diff_input_clk.u_ibufg_sys_clk/O   | i_system/SDRAM/u_MercuryZX1_SDRAM_0_mig/u_ddr3_clk_ibuf/sys_clk_ibufg      |
| src9      | g10       | PLLE2_ADV/CLKOUT3   | PLLE2_ADV_X1Y3  | PLLE2_ADV_X1Y3  | X1Y3         |           1 |               0 |              10.000 | pll_clk3_out                                                                               | i_system/SDRAM/u_MercuryZX1_SDRAM_0_mig/u_ddr3_infrastructure/plle2_i/CLKOUT3              | i_system/SDRAM/u_MercuryZX1_SDRAM_0_mig/u_ddr3_infrastructure/pll_clk3_out |
| src10     | g12       | IBUFDS/O            | IOB_X1Y124      | IOB_X1Y124      | X1Y2         |           1 |               0 |                     |                                                                                            | CLK_GEN[0].INX/ibufds_inst_ab/O                                                            | CLK_GEN[0].INX/adc_clock_buf                                               |
| src11     | g13       | IBUFDS/O            | IOB_X1Y122      | IOB_X1Y122      | X1Y2         |           1 |               0 |                     |                                                                                            | CLK_GEN[1].INX/ibufds_inst_ab/O                                                            | CLK_GEN[1].INX/adc_clock_buf                                               |
| src12     | g14       | IBUFDS/O            | IOB_X1Y76       | IOB_X1Y76       | X1Y1         |           1 |               0 |                     |                                                                                            | CLK_GEN[2].INX/ibufds_inst_ab/O                                                            | CLK_GEN[2].INX/adc_clock_buf                                               |
| src13     | g15       | IBUFDS/O            | IOB_X1Y78       | IOB_X1Y78       | X1Y1         |           1 |               0 |                     |                                                                                            | CLK_GEN[3].INX/ibufds_inst_ab/O                                                            | CLK_GEN[3].INX/adc_clock_buf                                               |
+-----------+-----------+---------------------+-----------------+-----------------+--------------+-------------+-----------------+---------------------+--------------------------------------------------------------------------------------------+--------------------------------------------------------------------------------------------+----------------------------------------------------------------------------+
* Clock Loads column represents the clock pin loads (pin count)
** Non-Clock Loads column represents the non-clock pin loads (pin count)


4. Local Clock Details
----------------------

+----------+----------------------------+----------------------+-------------------------------------+--------------+-------------+-----------------+--------------+---------------+--------------------------------------------------------------------------------------------------------------------------------------------------------------------------------------------------------------+-----------------------------------------------------------------------------------------------------------------------------------------------------------------------------------------------------------+
| Local Id | Driver Type/Pin            | Constraint           | Site/BEL                            | Clock Region | Clock Loads | Non-Clock Loads | Clock Period | Clock         | Driver Pin                                                                                                                                                                                                   | Net                                                                                                                                                                                                       |
+----------+----------------------------+----------------------+-------------------------------------+--------------+-------------+-----------------+--------------+---------------+--------------------------------------------------------------------------------------------------------------------------------------------------------------------------------------------------------------+-----------------------------------------------------------------------------------------------------------------------------------------------------------------------------------------------------------||
| 0        | PLLE2_ADV/CLKOUT0          | PLLE2_ADV_X1Y3       | PLLE2_ADV_X1Y3/PLLE2_ADV            | X1Y3         |           5 |               2 |        1.250 | freq_refclk   | i_system/SDRAM/u_MercuryZX1_SDRAM_0_mig/u_ddr3_infrastructure/plle2_i/CLKOUT0                                                                                                                                | i_system/SDRAM/u_MercuryZX1_SDRAM_0_mig/u_ddr3_infrastructure/freq_refclk                                                                                                                                 - Static -
| 1        | PHASER_OUT_PHY/OCLKDELAYED | PHASER_OUT_PHY_X1Y12 | PHASER_OUT_PHY_X1Y12/PHASER_OUT_PHY | X1Y3         |           2 |               0 |        2.500 | oserdes_clk   | i_system/SDRAM/u_MercuryZX1_SDRAM_0_mig/u_memc_ui_top_axi/mem_intfc0/ddr_phy_top0/u_ddr_mc_phy_wrapper/u_ddr_mc_phy/ddr_phy_4lanes_0.u_ddr_phy_4lanes/ddr_byte_lane_A.ddr_byte_lane_A/phaser_out/OCLKDELAYED | i_system/SDRAM/u_MercuryZX1_SDRAM_0_mig/u_memc_ui_top_axi/mem_intfc0/ddr_phy_top0/u_ddr_mc_phy_wrapper/u_ddr_mc_phy/ddr_phy_4lanes_0.u_ddr_phy_4lanes/ddr_byte_lane_A.ddr_byte_lane_A/oserdes_clk_delayed - Static -
| 2        | PHASER_OUT_PHY/OCLKDELAYED | PHASER_OUT_PHY_X1Y15 | PHASER_OUT_PHY_X1Y15/PHASER_OUT_PHY | X1Y3         |           2 |               0 |        2.500 | oserdes_clk_3 | i_system/SDRAM/u_MercuryZX1_SDRAM_0_mig/u_memc_ui_top_axi/mem_intfc0/ddr_phy_top0/u_ddr_mc_phy_wrapper/u_ddr_mc_phy/ddr_phy_4lanes_0.u_ddr_phy_4lanes/ddr_byte_lane_D.ddr_byte_lane_D/phaser_out/OCLKDELAYED | i_system/SDRAM/u_MercuryZX1_SDRAM_0_mig/u_memc_ui_top_axi/mem_intfc0/ddr_phy_top0/u_ddr_mc_phy_wrapper/u_ddr_mc_phy/ddr_phy_4lanes_0.u_ddr_phy_4lanes/ddr_byte_lane_D.ddr_byte_lane_D/oserdes_clk_delayed - Static -
| 3        | PLLE2_ADV/CLKOUT1          | PLLE2_ADV_X1Y3       | PLLE2_ADV_X1Y3/PLLE2_ADV            | X1Y3         |           1 |               6 |        2.500 | mem_refclk    | i_system/SDRAM/u_MercuryZX1_SDRAM_0_mig/u_ddr3_infrastructure/plle2_i/CLKOUT1                                                                                                                                | i_system/SDRAM/u_MercuryZX1_SDRAM_0_mig/u_ddr3_infrastructure/mem_refclk                                                                                                                                  - Static -
+----------+----------------------------+----------------------+-------------------------------------+--------------+-------------+-----------------+--------------+---------------+--------------------------------------------------------------------------------------------------------------------------------------------------------------------------------------------------------------+-----------------------------------------------------------------------------------------------------------------------------------------------------------------------------------------------------------||
* Local Clocks in this context represents only clocks driven by non-global buffers
** Clock Loads column represents the clock pin loads (pin count)
*** Non-Clock Loads column represents the non-clock pin loads (pin count)


5. Clock Regions: Key Resource Utilization
------------------------------------------

+-------------------+--------------+--------------+--------------+--------------+--------------+--------------+--------------+--------------+--------------+--------------+--------------+--------------+--------------+--------------+--------------+
|                   | Global Clock |     BUFRs    |    BUFMRs    |    BUFIOs    |     MMCM     |      PLL     |      GT      |      PCI     |    ILOGIC    |    OLOGIC    |      FF      |     LUTM     |    RAMB18    |    RAMB36    |    DSP48E2   |
+-------------------+------+-------+------+-------+------+-------+------+-------+------+-------+------+-------+------+-------+------+-------+------+-------+------+-------+------+-------+------+-------+------+-------+------+-------+------+-------+
| Clock Region Name | Used | Avail | Used | Avail | Used | Avail | Used | Avail | Used | Avail | Used | Avail | Used | Avail | Used | Avail | Used | Avail | Used | Avail | Used | Avail | Used | Avail | Used | Avail | Used | Avail | Used | Avail |
+-------------------+------+-------+------+-------+------+-------+------+-------+------+-------+------+-------+------+-------+------+-------+------+-------+------+-------+------+-------+------+-------+------+-------+------+-------+------+-------+
| X0Y0              |    0 |    12 |    0 |     4 |    0 |     2 |    0 |     4 |    0 |     1 |    0 |     1 |    0 |     0 |    0 |     0 |    0 |    50 |    0 |    50 |    0 |  2900 |    0 |  1200 |    0 |    80 |    0 |    40 |    0 |    80 |
| X1Y0              |    0 |    12 |    0 |     0 |    0 |     0 |    0 |     0 |    0 |     0 |    0 |     0 |    0 |     4 |    0 |     1 |    0 |     0 |    0 |     0 |    0 |  2550 |    0 |   650 |    0 |    50 |    0 |    25 |    0 |    40 |
| X0Y1              |    8 |    12 |    0 |     4 |    0 |     2 |    0 |     4 |    0 |     1 |    0 |     1 |    0 |     0 |    0 |     0 |    0 |    50 |    0 |    50 |  313 |  2900 |  152 |  1200 |    0 |    80 |    0 |    40 |    4 |    80 |
| X1Y1              |    7 |    12 |    2 |     4 |    0 |     2 |    0 |     4 |    1 |     1 |    0 |     1 |    0 |     0 |    0 |     0 |   13 |    50 |    0 |    50 | 3108 |  3100 |  890 |   800 |    0 |    80 |    0 |    40 |    0 |    40 |
| X0Y2              |    6 |    12 |    0 |     0 |    0 |     0 |    0 |     0 |    0 |     0 |    0 |     0 |    0 |     0 |    0 |     0 |    0 |     0 |    0 |     0 | 2613 |  1600 | 1075 |   600 |    0 |    40 |    0 |    20 |    5 |    40 |
| X1Y2              |    9 |    12 |    2 |     4 |    0 |     2 |    0 |     4 |    0 |     1 |    0 |     1 |    0 |     0 |    0 |     0 |   15 |    50 |    0 |    50 | 7023 |  2500 | 2234 |   800 |    0 |    80 |    1 |    40 |    0 |    40 |
| X0Y3              |    2 |    12 |    0 |     0 |    0 |     0 |    0 |     0 |    0 |     0 |    0 |     0 |    0 |     0 |    0 |     0 |    0 |     0 |    0 |     0 | 1925 |  1600 |  743 |   600 |    0 |    40 |    0 |    20 |    0 |    40 |
| X1Y3              |    4 |    12 |    0 |     4 |    0 |     2 |    0 |     4 |    1 |     1 |    0 |     1 |    0 |     0 |    0 |     0 |    0 |    50 |    4 |    50 | 5320 |  2500 | 1695 |   800 |    0 |    80 |    0 |    40 |    0 |    40 |
+-------------------+------+-------+------+-------+------+-------+------+-------+------+-------+------+-------+------+-------+------+-------+------+-------+------+-------+------+-------+------+-------+------+-------+------+-------+------+-------+
* Global Clock column represents track count; while other columns represents cell counts


6. Clock Regions : Global Clock Summary
---------------------------------------

All Modules
+----+----+----+
|    | X0 | X1 |
+----+----+----+
| Y3 |  2 |  4 |
| Y2 |  6 |  9 |
| Y1 |  8 |  7 |
| Y0 |  0 |  0 |
+----+----+----+


7. Device Cell Placement Summary for Global Clock g0
----------------------------------------------------

+-----------+-----------------+-------------------+-------------------------------+-------------+---------------+-------------+----------+----------------+----------+--------------------------------+
| Global Id | Driver Type/Pin | Driver Region (D) | Clock                         | Period (ns) | Waveform (ns) | Slice Loads | IO Loads | Clocking Loads | GT Loads | Net                            |
+-----------+-----------------+-------------------+-------------------------------+-------------+---------------+-------------+----------+----------------+----------+--------------------------------+
| g0        | BUFG/O          | n/a               | clk_out1_MercuryZX1_clk_wiz_0 |       5.000 | {0.000 2.500} |        8194 |        0 |              0 |        0 | i_system/clk_wiz/inst/clk_out1 |
+-----------+-----------------+-------------------+-------------------------------+-------------+---------------+-------------+----------+----------------+----------+--------------------------------+
* Slice Loads column represents load cell count of all cell types other than IO, GT and clock resources
** IO Loads column represents load cell count of IO types
*** Clocking Loads column represents load cell count that are clock resources (global clock buffer, MMCM, PLL, etc)
**** GT Loads column represents load cell count of GT types


+----+------+-------+
|    | X0   | X1    |
+----+------+-------+
| Y3 |    0 |     0 |
| Y2 |  887 |  4615 |
| Y1 |   74 |  2618 |
| Y0 |    0 |     0 |
+----+------+-------+


8. Device Cell Placement Summary for Global Clock g1
----------------------------------------------------

+-----------+-----------------+-------------------+-----------+-------------+---------------+-------------+----------+----------------+----------+-------------------------------------------------------------------+
| Global Id | Driver Type/Pin | Driver Region (D) | Clock     | Period (ns) | Waveform (ns) | Slice Loads | IO Loads | Clocking Loads | GT Loads | Net                                                               |
+-----------+-----------------+-------------------+-----------+-------------+---------------+-------------+----------+----------------+----------+-------------------------------------------------------------------+
| g1        | BUFG/O          | n/a               | clk_pll_i |      10.000 | {0.000 5.000} |        6573 |        0 |              1 |        0 | i_system/SDRAM/u_MercuryZX1_SDRAM_0_mig/u_ddr3_infrastructure/CLK |
+-----------+-----------------+-------------------+-----------+-------------+---------------+-------------+----------+----------------+----------+-------------------------------------------------------------------+
* Slice Loads column represents load cell count of all cell types other than IO, GT and clock resources
** IO Loads column represents load cell count of IO types
*** Clocking Loads column represents load cell count that are clock resources (global clock buffer, MMCM, PLL, etc)
**** GT Loads column represents load cell count of GT types


+----+------+-------+
|    | X0   | X1    |
+----+------+-------+
| Y3 |  996 |  4968 |
| Y2 |    5 |   604 |
| Y1 |    1 |     0 |
| Y0 |    0 |     0 |
+----+------+-------+


9. Device Cell Placement Summary for Global Clock g2
----------------------------------------------------

+-----------+-----------------+-------------------+------------+-------------+---------------+-------------+----------+----------------+----------+----------------------------------------------+
| Global Id | Driver Type/Pin | Driver Region (D) | Clock      | Period (ns) | Waveform (ns) | Slice Loads | IO Loads | Clocking Loads | GT Loads | Net                                          |
+-----------+-----------------+-------------------+------------+-------------+---------------+-------------+----------+----------------+----------+----------------------------------------------+
| g2        | BUFG/O          | n/a               | clk_fpga_0 |      10.000 | {0.000 5.000} |        4732 |        0 |              1 |        0 | i_system/processing_system7_1/inst/FCLK_CLK0 |
+-----------+-----------------+-------------------+------------+-------------+---------------+-------------+----------+----------------+----------+----------------------------------------------+
* Slice Loads column represents load cell count of all cell types other than IO, GT and clock resources
** IO Loads column represents load cell count of IO types
*** Clocking Loads column represents load cell count that are clock resources (global clock buffer, MMCM, PLL, etc)
**** GT Loads column represents load cell count of GT types


+----+-------+-------+
|    | X0    | X1    |
+----+-------+-------+
| Y3 |  1055 |   540 |
| Y2 |  1806 |  1096 |
| Y1 |   216 |    20 |
| Y0 |     0 |     0 |
+----+-------+-------+


10. Device Cell Placement Summary for Global Clock g3
-----------------------------------------------------

+-----------+-----------------+-------------------+--------------------------------------------------------------------------------------------+-------------+----------------+-------------+----------+----------------+----------+----------------------------------------+
| Global Id | Driver Type/Pin | Driver Region (D) | Clock                                                                                      | Period (ns) | Waveform (ns)  | Slice Loads | IO Loads | Clocking Loads | GT Loads | Net                                    |
+-----------+-----------------+-------------------+--------------------------------------------------------------------------------------------+-------------+----------------+-------------+----------+----------------+----------+----------------------------------------+
| g3        | BUFG/O          | n/a               | dbg_hub/inst/BSCANID.u_xsdbm_id/SWITCH_N_EXT_BSCAN.bscan_inst/SERIES7_BSCAN.bscan_inst/TCK |      33.000 | {0.000 16.500} |         486 |        0 |              0 |        0 | dbg_hub/inst/BSCANID.u_xsdbm_id/itck_i |
+-----------+-----------------+-------------------+--------------------------------------------------------------------------------------------+-------------+----------------+-------------+----------+----------------+----------+----------------------------------------+
* Slice Loads column represents load cell count of all cell types other than IO, GT and clock resources
** IO Loads column represents load cell count of IO types
*** Clocking Loads column represents load cell count that are clock resources (global clock buffer, MMCM, PLL, etc)
**** GT Loads column represents load cell count of GT types


+----+----+------+
|    | X0 | X1   |
+----+----+------+
| Y3 |  0 |    0 |
| Y2 |  0 |  452 |
| Y1 |  0 |   34 |
| Y0 |  0 |    0 |
+----+----+------+


11. Device Cell Placement Summary for Global Clock g4
-----------------------------------------------------

+-----------+-----------------+-------------------+-------+-------------+---------------+-------------+----------+----------------+----------+----------------------------+
| Global Id | Driver Type/Pin | Driver Region (D) | Clock | Period (ns) | Waveform (ns) | Slice Loads | IO Loads | Clocking Loads | GT Loads | Net                        |
+-----------+-----------------+-------------------+-------+-------------+---------------+-------------+----------+----------------+----------+----------------------------+
| g4        | BUFG/O          | n/a               |       |             |               |         260 |        0 |              0 |        0 | CLK_GEN[0].INX/ADC_Clk_Out |
+-----------+-----------------+-------------------+-------+-------------+---------------+-------------+----------+----------------+----------+----------------------------+
* Slice Loads column represents load cell count of all cell types other than IO, GT and clock resources
** IO Loads column represents load cell count of IO types
*** Clocking Loads column represents load cell count that are clock resources (global clock buffer, MMCM, PLL, etc)
**** GT Loads column represents load cell count of GT types


+----+----+------+
|    | X0 | X1   |
+----+----+------+
| Y3 |  0 |    0 |
| Y2 |  0 |   24 |
| Y1 |  7 |  229 |
| Y0 |  0 |    0 |
+----+----+------+


12. Device Cell Placement Summary for Global Clock g5
-----------------------------------------------------

+-----------+-----------------+-------------------+-------+-------------+---------------+-------------+----------+----------------+----------+--------------------+
| Global Id | Driver Type/Pin | Driver Region (D) | Clock | Period (ns) | Waveform (ns) | Slice Loads | IO Loads | Clocking Loads | GT Loads | Net                |
+-----------+-----------------+-------------------+-------+-------------+---------------+-------------+----------+----------------+----------+--------------------+
| g5        | BUFG/O          | n/a               |       |             |               |         260 |        0 |              0 |        0 | CLK_GEN[1].INX/CLK |
+-----------+-----------------+-------------------+-------+-------------+---------------+-------------+----------+----------------+----------+--------------------+
* Slice Loads column represents load cell count of all cell types other than IO, GT and clock resources
** IO Loads column represents load cell count of IO types
*** Clocking Loads column represents load cell count that are clock resources (global clock buffer, MMCM, PLL, etc)
**** GT Loads column represents load cell count of GT types


+----+----+------+
|    | X0 | X1   |
+----+----+------+
| Y3 |  0 |    0 |
| Y2 |  1 |  253 |
| Y1 |  6 |    0 |
| Y0 |  0 |    0 |
+----+----+------+


13. Device Cell Placement Summary for Global Clock g6
-----------------------------------------------------

+-----------+-----------------+-------------------+-------+-------------+---------------+-------------+----------+----------------+----------+--------------------+
| Global Id | Driver Type/Pin | Driver Region (D) | Clock | Period (ns) | Waveform (ns) | Slice Loads | IO Loads | Clocking Loads | GT Loads | Net                |
+-----------+-----------------+-------------------+-------+-------------+---------------+-------------+----------+----------------+----------+--------------------+
| g6        | BUFG/O          | n/a               |       |             |               |         260 |        0 |              0 |        0 | CLK_GEN[2].INX/CLK |
+-----------+-----------------+-------------------+-------+-------------+---------------+-------------+----------+----------------+----------+--------------------+
* Slice Loads column represents load cell count of all cell types other than IO, GT and clock resources
** IO Loads column represents load cell count of IO types
*** Clocking Loads column represents load cell count that are clock resources (global clock buffer, MMCM, PLL, etc)
**** GT Loads column represents load cell count of GT types


+----+----+------+
|    | X0 | X1   |
+----+----+------+
| Y3 |  0 |    0 |
| Y2 |  1 |  124 |
| Y1 |  6 |  129 |
| Y0 |  0 |    0 |
+----+----+------+


14. Device Cell Placement Summary for Global Clock g7
-----------------------------------------------------

+-----------+-----------------+-------------------+-------+-------------+---------------+-------------+----------+----------------+----------+--------------------+
| Global Id | Driver Type/Pin | Driver Region (D) | Clock | Period (ns) | Waveform (ns) | Slice Loads | IO Loads | Clocking Loads | GT Loads | Net                |
+-----------+-----------------+-------------------+-------+-------------+---------------+-------------+----------+----------------+----------+--------------------+
| g7        | BUFG/O          | n/a               |       |             |               |         260 |        0 |              0 |        0 | CLK_GEN[3].INX/CLK |
+-----------+-----------------+-------------------+-------+-------------+---------------+-------------+----------+----------------+----------+--------------------+
* Slice Loads column represents load cell count of all cell types other than IO, GT and clock resources
** IO Loads column represents load cell count of IO types
*** Clocking Loads column represents load cell count that are clock resources (global clock buffer, MMCM, PLL, etc)
**** GT Loads column represents load cell count of GT types


+----+----+------+
|    | X0 | X1   |
+----+----+------+
| Y3 |  0 |    0 |
| Y2 |  1 |    1 |
| Y1 |  6 |  252 |
| Y0 |  0 |    0 |
+----+----+------+


15. Device Cell Placement Summary for Global Clock g8
-----------------------------------------------------

+-----------+-----------------+-------------------+------------+-------------+----------------+-------------+----------+----------------+----------+----------------------------------------------+
| Global Id | Driver Type/Pin | Driver Region (D) | Clock      | Period (ns) | Waveform (ns)  | Slice Loads | IO Loads | Clocking Loads | GT Loads | Net                                          |
+-----------+-----------------+-------------------+------------+-------------+----------------+-------------+----------+----------------+----------+----------------------------------------------+
| g8        | BUFG/O          | n/a               | clk_fpga_1 |      20.000 | {0.000 10.000} |          33 |        0 |              0 |        0 | i_system/processing_system7_1/inst/FCLK_CLK1 |
+-----------+-----------------+-------------------+------------+-------------+----------------+-------------+----------+----------------+----------+----------------------------------------------+
* Slice Loads column represents load cell count of all cell types other than IO, GT and clock resources
** IO Loads column represents load cell count of IO types
*** Clocking Loads column represents load cell count that are clock resources (global clock buffer, MMCM, PLL, etc)
**** GT Loads column represents load cell count of GT types


+----+----+-----+
|    | X0 | X1  |
+----+----+-----+
| Y3 |  0 |   0 |
| Y2 |  0 |  32 |
| Y1 |  1 |   0 |
| Y0 |  0 |   0 |
+----+----+-----+


16. Device Cell Placement Summary for Global Clock g9
-----------------------------------------------------

+-----------+-----------------+-------------------+----------+-------------+---------------+-------------+----------+----------------+----------+---------------------------------------------------------------------------------------+
| Global Id | Driver Type/Pin | Driver Region (D) | Clock    | Period (ns) | Waveform (ns) | Slice Loads | IO Loads | Clocking Loads | GT Loads | Net                                                                                   |
+-----------+-----------------+-------------------+----------+-------------+---------------+-------------+----------+----------------+----------+---------------------------------------------------------------------------------------+
| g9        | BUFG/O          | n/a               | CLK200_P |       5.000 | {0.000 2.500} |          16 |        0 |              0 |        0 | i_system/SDRAM/u_MercuryZX1_SDRAM_0_mig/u_iodelay_ctrl/clk_ref_200.u_bufg_clk_ref_n_0 |
+-----------+-----------------+-------------------+----------+-------------+---------------+-------------+----------+----------------+----------+---------------------------------------------------------------------------------------+
* Slice Loads column represents load cell count of all cell types other than IO, GT and clock resources
** IO Loads column represents load cell count of IO types
*** Clocking Loads column represents load cell count that are clock resources (global clock buffer, MMCM, PLL, etc)
**** GT Loads column represents load cell count of GT types


+----+----+-----+
|    | X0 | X1  |
+----+----+-----+
| Y3 |  0 |  16 |
| Y2 |  0 |   0 |
| Y1 |  0 |   0 |
| Y0 |  0 |   0 |
+----+----+-----+


17. Device Cell Placement Summary for Global Clock g10
------------------------------------------------------

+-----------+-----------------+-------------------+--------------+-------------+---------------+-------------+----------+----------------+----------+------------------------------------------------------------------------+
| Global Id | Driver Type/Pin | Driver Region (D) | Clock        | Period (ns) | Waveform (ns) | Slice Loads | IO Loads | Clocking Loads | GT Loads | Net                                                                    |
+-----------+-----------------+-------------------+--------------+-------------+---------------+-------------+----------+----------------+----------+------------------------------------------------------------------------+
| g10       | BUFH/O          | X1Y3              | pll_clk3_out |      10.000 | {0.000 5.000} |           0 |        0 |              1 |        0 | i_system/SDRAM/u_MercuryZX1_SDRAM_0_mig/u_ddr3_infrastructure/pll_clk3 |
+-----------+-----------------+-------------------+--------------+-------------+---------------+-------------+----------+----------------+----------+------------------------------------------------------------------------+
* Slice Loads column represents load cell count of all cell types other than IO, GT and clock resources
** IO Loads column represents load cell count of IO types
*** Clocking Loads column represents load cell count that are clock resources (global clock buffer, MMCM, PLL, etc)
**** GT Loads column represents load cell count of GT types


+----+----+--------+
|    | X0 | X1     |
+----+----+--------+
| Y3 |  0 |  (D) 1 |
| Y2 |  0 |      0 |
| Y1 |  0 |      0 |
| Y0 |  0 |      0 |
+----+----+--------+


18. Device Cell Placement Summary for Global Clock g11
------------------------------------------------------

+-----------+-----------------+-------------------+-------------------------------+-------------+---------------+-------------+----------+----------------+----------+---------------------------------------------------------+
| Global Id | Driver Type/Pin | Driver Region (D) | Clock                         | Period (ns) | Waveform (ns) | Slice Loads | IO Loads | Clocking Loads | GT Loads | Net                                                     |
+-----------+-----------------+-------------------+-------------------------------+-------------+---------------+-------------+----------+----------------+----------+---------------------------------------------------------+
| g11       | BUFG/O          | n/a               | clkfbout_MercuryZX1_clk_wiz_0 |      10.000 | {0.000 5.000} |           0 |        0 |              1 |        0 | i_system/clk_wiz/inst/clkfbout_buf_MercuryZX1_clk_wiz_0 |
+-----------+-----------------+-------------------+-------------------------------+-------------+---------------+-------------+----------+----------------+----------+---------------------------------------------------------+
* Slice Loads column represents load cell count of all cell types other than IO, GT and clock resources
** IO Loads column represents load cell count of IO types
*** Clocking Loads column represents load cell count that are clock resources (global clock buffer, MMCM, PLL, etc)
**** GT Loads column represents load cell count of GT types


+----+----+----+
|    | X0 | X1 |
+----+----+----+
| Y3 |  0 |  0 |
| Y2 |  0 |  0 |
| Y1 |  0 |  1 |
| Y0 |  0 |  0 |
+----+----+----+


19. Device Cell Placement Summary for Global Clock g12
------------------------------------------------------

+-----------+-----------------+-------------------+-------+-------------+---------------+-------------+----------+----------------+----------+-----------------------------+
| Global Id | Driver Type/Pin | Driver Region (D) | Clock | Period (ns) | Waveform (ns) | Slice Loads | IO Loads | Clocking Loads | GT Loads | Net                         |
+-----------+-----------------+-------------------+-------+-------------+---------------+-------------+----------+----------------+----------+-----------------------------+
| g12       | BUFR/O          | X1Y2              |       |             |               |           0 |        0 |              1 |        0 | CLK_GEN[0].INX/adc_clock_in |
+-----------+-----------------+-------------------+-------+-------------+---------------+-------------+----------+----------------+----------+-----------------------------+
* Slice Loads column represents load cell count of all cell types other than IO, GT and clock resources
** IO Loads column represents load cell count of IO types
*** Clocking Loads column represents load cell count that are clock resources (global clock buffer, MMCM, PLL, etc)
**** GT Loads column represents load cell count of GT types


+----+----+--------+
|    | X0 | X1     |
+----+----+--------+
| Y3 |  0 |      0 |
| Y2 |  0 |  (D) 0 |
| Y1 |  0 |      0 |
| Y0 |  0 |      0 |
+----+----+--------+


20. Device Cell Placement Summary for Global Clock g13
------------------------------------------------------

+-----------+-----------------+-------------------+-------+-------------+---------------+-------------+----------+----------------+----------+-----------------------------+
| Global Id | Driver Type/Pin | Driver Region (D) | Clock | Period (ns) | Waveform (ns) | Slice Loads | IO Loads | Clocking Loads | GT Loads | Net                         |
+-----------+-----------------+-------------------+-------+-------------+---------------+-------------+----------+----------------+----------+-----------------------------+
| g13       | BUFR/O          | X1Y2              |       |             |               |           0 |        0 |              1 |        0 | CLK_GEN[1].INX/adc_clock_in |
+-----------+-----------------+-------------------+-------+-------------+---------------+-------------+----------+----------------+----------+-----------------------------+
* Slice Loads column represents load cell count of all cell types other than IO, GT and clock resources
** IO Loads column represents load cell count of IO types
*** Clocking Loads column represents load cell count that are clock resources (global clock buffer, MMCM, PLL, etc)
**** GT Loads column represents load cell count of GT types


+----+----+--------+
|    | X0 | X1     |
+----+----+--------+
| Y3 |  0 |      0 |
| Y2 |  0 |  (D) 0 |
| Y1 |  0 |      0 |
| Y0 |  0 |      0 |
+----+----+--------+


21. Device Cell Placement Summary for Global Clock g14
------------------------------------------------------

+-----------+-----------------+-------------------+-------+-------------+---------------+-------------+----------+----------------+----------+-----------------------------+
| Global Id | Driver Type/Pin | Driver Region (D) | Clock | Period (ns) | Waveform (ns) | Slice Loads | IO Loads | Clocking Loads | GT Loads | Net                         |
+-----------+-----------------+-------------------+-------+-------------+---------------+-------------+----------+----------------+----------+-----------------------------+
| g14       | BUFR/O          | X1Y1              |       |             |               |           0 |        0 |              1 |        0 | CLK_GEN[2].INX/adc_clock_in |
+-----------+-----------------+-------------------+-------+-------------+---------------+-------------+----------+----------------+----------+-----------------------------+
* Slice Loads column represents load cell count of all cell types other than IO, GT and clock resources
** IO Loads column represents load cell count of IO types
*** Clocking Loads column represents load cell count that are clock resources (global clock buffer, MMCM, PLL, etc)
**** GT Loads column represents load cell count of GT types


+----+----+--------+
|    | X0 | X1     |
+----+----+--------+
| Y3 |  0 |      0 |
| Y2 |  0 |      0 |
| Y1 |  0 |  (D) 0 |
| Y0 |  0 |      0 |
+----+----+--------+


22. Device Cell Placement Summary for Global Clock g15
------------------------------------------------------

+-----------+-----------------+-------------------+-------+-------------+---------------+-------------+----------+----------------+----------+-----------------------------+
| Global Id | Driver Type/Pin | Driver Region (D) | Clock | Period (ns) | Waveform (ns) | Slice Loads | IO Loads | Clocking Loads | GT Loads | Net                         |
+-----------+-----------------+-------------------+-------+-------------+---------------+-------------+----------+----------------+----------+-----------------------------+
| g15       | BUFR/O          | X1Y1              |       |             |               |           0 |        0 |              1 |        0 | CLK_GEN[3].INX/adc_clock_in |
+-----------+-----------------+-------------------+-------+-------------+---------------+-------------+----------+----------------+----------+-----------------------------+
* Slice Loads column represents load cell count of all cell types other than IO, GT and clock resources
** IO Loads column represents load cell count of IO types
*** Clocking Loads column represents load cell count that are clock resources (global clock buffer, MMCM, PLL, etc)
**** GT Loads column represents load cell count of GT types


+----+----+--------+
|    | X0 | X1     |
+----+----+--------+
| Y3 |  0 |      0 |
| Y2 |  0 |      0 |
| Y1 |  0 |  (D) 0 |
| Y0 |  0 |      0 |
+----+----+--------+


23. Clock Region Cell Placement per Global Clock: Region X0Y1
-------------------------------------------------------------

+-----------+-------+-----------------+------------+-------------+-----------------+-----+--------+------+-----+----+------+-----+---------+-------------------------------------------------------------------+
| Global Id | Track | Driver Type/Pin | Constraint | Clock Loads | Non-Clock Loads | FF  | LUTRAM | RAMB | DSP | GT | MMCM | PLL | Hard IP | Net                                                               |
+-----------+-------+-----------------+------------+-------------+-----------------+-----+--------+------+-----+----+------+-----+---------+-------------------------------------------------------------------+
| g0        | n/a   | BUFG/O          | None       |          74 |               0 |  74 |      0 |    0 |   0 |  0 |    0 |   0 |       0 | i_system/clk_wiz/inst/clk_out1                                    |
| g1        | n/a   | BUFG/O          | None       |           1 |               0 |   0 |      0 |    0 |   1 |  0 |    0 |   0 |       0 | i_system/SDRAM/u_MercuryZX1_SDRAM_0_mig/u_ddr3_infrastructure/CLK |
| g2        | n/a   | BUFG/O          | None       |         216 |               0 | 215 |      0 |    0 |   1 |  0 |    0 |   0 |       0 | i_system/processing_system7_1/inst/FCLK_CLK0                      |
| g4        | n/a   | BUFG/O          | None       |           7 |               0 |   6 |      0 |    0 |   1 |  0 |    0 |   0 |       0 | CLK_GEN[0].INX/ADC_Clk_Out                                        |
| g5        | n/a   | BUFG/O          | None       |           6 |               0 |   6 |      0 |    0 |   0 |  0 |    0 |   0 |       0 | CLK_GEN[1].INX/CLK                                                |
| g6        | n/a   | BUFG/O          | None       |           6 |               0 |   6 |      0 |    0 |   0 |  0 |    0 |   0 |       0 | CLK_GEN[2].INX/CLK                                                |
| g7        | n/a   | BUFG/O          | None       |           6 |               0 |   6 |      0 |    0 |   0 |  0 |    0 |   0 |       0 | CLK_GEN[3].INX/CLK                                                |
| g8        | n/a   | BUFG/O          | None       |           1 |               0 |   0 |      0 |    0 |   1 |  0 |    0 |   0 |       0 | i_system/processing_system7_1/inst/FCLK_CLK1                      |
+-----------+-------+-----------------+------------+-------------+-----------------+-----+--------+------+-----+----+------+-----+---------+-------------------------------------------------------------------+
* Clock Loads column represents the clock pin loads (pin count)
** Non-Clock Loads column represents the non-clock pin loads (pin count)
*** Columns FF, LUTRAM, RAMB through 'Hard IP' represents load cell counts


24. Clock Region Cell Placement per Global Clock: Region X1Y1
-------------------------------------------------------------

+-----------+-------+-----------------+------------+-------------+-----------------+------+--------+------+-----+----+------+-----+---------+---------------------------------------------------------+
| Global Id | Track | Driver Type/Pin | Constraint | Clock Loads | Non-Clock Loads | FF   | LUTRAM | RAMB | DSP | GT | MMCM | PLL | Hard IP | Net                                                     |
+-----------+-------+-----------------+------------+-------------+-----------------+------+--------+------+-----+----+------+-----+---------+---------------------------------------------------------+
| g0        | n/a   | BUFG/O          | None       |        2618 |               0 | 2488 |    113 |    0 |   0 |  0 |    0 |   0 |       0 | i_system/clk_wiz/inst/clk_out1                          |
| g2        | n/a   | BUFG/O          | None       |          20 |               0 |   19 |      0 |    0 |   0 |  0 |    1 |   0 |       0 | i_system/processing_system7_1/inst/FCLK_CLK0            |
| g3        | n/a   | BUFG/O          | None       |          34 |               0 |   34 |      0 |    0 |   0 |  0 |    0 |   0 |       0 | dbg_hub/inst/BSCANID.u_xsdbm_id/itck_i                  |
| g4        | n/a   | BUFG/O          | None       |         229 |               0 |  214 |     14 |    0 |   0 |  0 |    0 |   0 |       0 | CLK_GEN[0].INX/ADC_Clk_Out                              |
| g6        | n/a   | BUFG/O          | None       |         129 |               0 |  123 |      0 |    0 |   0 |  0 |    0 |   0 |       0 | CLK_GEN[2].INX/CLK                                      |
| g7        | n/a   | BUFG/O          | None       |         252 |               0 |  230 |     14 |    0 |   0 |  0 |    0 |   0 |       0 | CLK_GEN[3].INX/CLK                                      |
| g11       | n/a   | BUFG/O          | None       |           1 |               0 |    0 |      0 |    0 |   0 |  0 |    1 |   0 |       0 | i_system/clk_wiz/inst/clkfbout_buf_MercuryZX1_clk_wiz_0 |
+-----------+-------+-----------------+------------+-------------+-----------------+------+--------+------+-----+----+------+-----+---------+---------------------------------------------------------+
* Clock Loads column represents the clock pin loads (pin count)
** Non-Clock Loads column represents the non-clock pin loads (pin count)
*** Columns FF, LUTRAM, RAMB through 'Hard IP' represents load cell counts


25. Clock Region Cell Placement per Global Clock: Region X0Y2
-------------------------------------------------------------

+-----------+-------+-----------------+------------+-------------+-----------------+------+--------+------+-----+----+------+-----+---------+-------------------------------------------------------------------+
| Global Id | Track | Driver Type/Pin | Constraint | Clock Loads | Non-Clock Loads | FF   | LUTRAM | RAMB | DSP | GT | MMCM | PLL | Hard IP | Net                                                               |
+-----------+-------+-----------------+------------+-------------+-----------------+------+--------+------+-----+----+------+-----+---------+-------------------------------------------------------------------+
| g0        | n/a   | BUFG/O          | None       |         887 |               0 |  886 |      0 |    0 |   1 |  0 |    0 |   0 |       0 | i_system/clk_wiz/inst/clk_out1                                    |
| g1        | n/a   | BUFG/O          | None       |           5 |               0 |    5 |      0 |    0 |   0 |  0 |    0 |   0 |       0 | i_system/SDRAM/u_MercuryZX1_SDRAM_0_mig/u_ddr3_infrastructure/CLK |
| g2        | n/a   | BUFG/O          | None       |        1806 |               0 | 1722 |     83 |    0 |   1 |  0 |    0 |   0 |       0 | i_system/processing_system7_1/inst/FCLK_CLK0                      |
| g5        | n/a   | BUFG/O          | None       |           1 |               0 |    0 |      0 |    0 |   1 |  0 |    0 |   0 |       0 | CLK_GEN[1].INX/CLK                                                |
| g6        | n/a   | BUFG/O          | None       |           1 |               0 |    0 |      0 |    0 |   1 |  0 |    0 |   0 |       0 | CLK_GEN[2].INX/CLK                                                |
| g7        | n/a   | BUFG/O          | None       |           1 |               0 |    0 |      0 |    0 |   1 |  0 |    0 |   0 |       0 | CLK_GEN[3].INX/CLK                                                |
+-----------+-------+-----------------+------------+-------------+-----------------+------+--------+------+-----+----+------+-----+---------+-------------------------------------------------------------------+
* Clock Loads column represents the clock pin loads (pin count)
** Non-Clock Loads column represents the non-clock pin loads (pin count)
*** Columns FF, LUTRAM, RAMB through 'Hard IP' represents load cell counts


26. Clock Region Cell Placement per Global Clock: Region X1Y2
-------------------------------------------------------------

+-----------+-------+-----------------+------------+-------------+-----------------+------+--------+------+-----+----+------+-----+---------+-------------------------------------------------------------------+
| Global Id | Track | Driver Type/Pin | Constraint | Clock Loads | Non-Clock Loads | FF   | LUTRAM | RAMB | DSP | GT | MMCM | PLL | Hard IP | Net                                                               |
+-----------+-------+-----------------+------------+-------------+-----------------+------+--------+------+-----+----+------+-----+---------+-------------------------------------------------------------------+
| g0        | n/a   | BUFG/O          | None       |        4615 |               0 | 4521 |     75 |    1 |   0 |  0 |    0 |   0 |       0 | i_system/clk_wiz/inst/clk_out1                                    |
| g1        | n/a   | BUFG/O          | None       |         604 |               0 |  604 |      0 |    0 |   0 |  0 |    0 |   0 |       0 | i_system/SDRAM/u_MercuryZX1_SDRAM_0_mig/u_ddr3_infrastructure/CLK |
| g2        | n/a   | BUFG/O          | None       |        1096 |               0 | 1057 |     38 |    1 |   0 |  0 |    0 |   0 |       0 | i_system/processing_system7_1/inst/FCLK_CLK0                      |
| g3        | n/a   | BUFG/O          | None       |         452 |               0 |  452 |      0 |    0 |   0 |  0 |    0 |   0 |       0 | dbg_hub/inst/BSCANID.u_xsdbm_id/itck_i                            |
| g4        | n/a   | BUFG/O          | None       |          24 |               0 |   17 |      0 |    0 |   0 |  0 |    0 |   0 |       0 | CLK_GEN[0].INX/ADC_Clk_Out                                        |
| g5        | n/a   | BUFG/O          | None       |         253 |               0 |  231 |     14 |    0 |   0 |  0 |    0 |   0 |       0 | CLK_GEN[1].INX/CLK                                                |
| g6        | n/a   | BUFG/O          | None       |         124 |               0 |  108 |     14 |    0 |   0 |  0 |    0 |   0 |       0 | CLK_GEN[2].INX/CLK                                                |
| g7        | n/a   | BUFG/O          | None       |           1 |               0 |    1 |      0 |    0 |   0 |  0 |    0 |   0 |       0 | CLK_GEN[3].INX/CLK                                                |
| g8        | n/a   | BUFG/O          | None       |          32 |               0 |   32 |      0 |    0 |   0 |  0 |    0 |   0 |       0 | i_system/processing_system7_1/inst/FCLK_CLK1                      |
+-----------+-------+-----------------+------------+-------------+-----------------+------+--------+------+-----+----+------+-----+---------+-------------------------------------------------------------------+
* Clock Loads column represents the clock pin loads (pin count)
** Non-Clock Loads column represents the non-clock pin loads (pin count)
*** Columns FF, LUTRAM, RAMB through 'Hard IP' represents load cell counts


27. Clock Region Cell Placement per Global Clock: Region X0Y3
-------------------------------------------------------------

+-----------+-------+-----------------+------------+-------------+-----------------+------+--------+------+-----+----+------+-----+---------+-------------------------------------------------------------------+
| Global Id | Track | Driver Type/Pin | Constraint | Clock Loads | Non-Clock Loads | FF   | LUTRAM | RAMB | DSP | GT | MMCM | PLL | Hard IP | Net                                                               |
+-----------+-------+-----------------+------------+-------------+-----------------+------+--------+------+-----+----+------+-----+---------+-------------------------------------------------------------------+
| g1        | n/a   | BUFG/O          | None       |         996 |               0 |  919 |     77 |    0 |   0 |  0 |    0 |   0 |       0 | i_system/SDRAM/u_MercuryZX1_SDRAM_0_mig/u_ddr3_infrastructure/CLK |
| g2        | n/a   | BUFG/O          | None       |        1055 |               0 | 1006 |     48 |    0 |   0 |  0 |    0 |   0 |       0 | i_system/processing_system7_1/inst/FCLK_CLK0                      |
+-----------+-------+-----------------+------------+-------------+-----------------+------+--------+------+-----+----+------+-----+---------+-------------------------------------------------------------------+
* Clock Loads column represents the clock pin loads (pin count)
** Non-Clock Loads column represents the non-clock pin loads (pin count)
*** Columns FF, LUTRAM, RAMB through 'Hard IP' represents load cell counts


28. Clock Region Cell Placement per Global Clock: Region X1Y3
-------------------------------------------------------------

+-----------+-------+-----------------+------------+-------------+-----------------+------+--------+------+-----+----+------+-----+---------+---------------------------------------------------------------------------------------+
| Global Id | Track | Driver Type/Pin | Constraint | Clock Loads | Non-Clock Loads | FF   | LUTRAM | RAMB | DSP | GT | MMCM | PLL | Hard IP | Net                                                                                   |
+-----------+-------+-----------------+------------+-------------+-----------------+------+--------+------+-----+----+------+-----+---------+---------------------------------------------------------------------------------------+
| g1        | n/a   | BUFG/O          | None       |        4968 |               0 | 4779 |    159 |    0 |   0 |  0 |    1 |   0 |       0 | i_system/SDRAM/u_MercuryZX1_SDRAM_0_mig/u_ddr3_infrastructure/CLK                     |
| g2        | n/a   | BUFG/O          | None       |         540 |               0 |  526 |     13 |    0 |   0 |  0 |    0 |   0 |       0 | i_system/processing_system7_1/inst/FCLK_CLK0                                          |
| g9        | n/a   | BUFG/O          | None       |          16 |               0 |   15 |      0 |    0 |   0 |  0 |    0 |   0 |       0 | i_system/SDRAM/u_MercuryZX1_SDRAM_0_mig/u_iodelay_ctrl/clk_ref_200.u_bufg_clk_ref_n_0 |
| g10       | n/a   | BUFH/O          | None       |           1 |               0 |    0 |      0 |    0 |   0 |  0 |    1 |   0 |       0 | i_system/SDRAM/u_MercuryZX1_SDRAM_0_mig/u_ddr3_infrastructure/pll_clk3                |
+-----------+-------+-----------------+------------+-------------+-----------------+------+--------+------+-----+----+------+-----+---------+---------------------------------------------------------------------------------------+
* Clock Loads column represents the clock pin loads (pin count)
** Non-Clock Loads column represents the non-clock pin loads (pin count)
*** Columns FF, LUTRAM, RAMB through 'Hard IP' represents load cell counts



# Location of BUFG Primitives 
set_property LOC BUFGCTRL_X0Y20 [get_cells i_system/processing_system7_1/inst/buffer_fclk_clk_1.FCLK_CLK_1_BUFG]
set_property LOC BUFGCTRL_X0Y17 [get_cells i_system/processing_system7_1/inst/buffer_fclk_clk_0.FCLK_CLK_0_BUFG]
set_property LOC BUFGCTRL_X0Y5 [get_cells i_system/clk_wiz/inst/clkf_buf]
set_property LOC BUFGCTRL_X0Y0 [get_cells i_system/clk_wiz/inst/clkout1_buf]
set_property LOC BUFGCTRL_X0Y3 [get_cells i_system/SDRAM/u_MercuryZX1_SDRAM_0_mig/u_iodelay_ctrl/clk_ref_200.u_bufg_clk_ref]
set_property LOC BUFGCTRL_X0Y16 [get_cells i_system/SDRAM/u_MercuryZX1_SDRAM_0_mig/u_ddr3_infrastructure/u_bufg_clkdiv0]
set_property LOC BUFGCTRL_X0Y4 [get_cells dbg_hub/inst/BSCANID.u_xsdbm_id/SWITCH_N_EXT_BSCAN.u_bufg_icon_tck]
set_property LOC BUFGCTRL_X0Y2 [get_cells CLK_GEN[3].INX/bufg_ab_inst]
set_property LOC BUFGCTRL_X0Y1 [get_cells CLK_GEN[2].INX/bufg_ab_inst]
set_property LOC BUFGCTRL_X0Y19 [get_cells CLK_GEN[1].INX/bufg_ab_inst]
set_property LOC BUFGCTRL_X0Y18 [get_cells CLK_GEN[0].INX/bufg_ab_inst]

# Location of BUFH Primitives 
set_property LOC BUFHCE_X1Y36 [get_cells i_system/SDRAM/u_MercuryZX1_SDRAM_0_mig/u_ddr3_infrastructure/u_bufh_pll_clk3]

# Location of BUFR Primitives 
set_property LOC BUFR_X1Y5 [get_cells CLK_GEN[3].INX/bufr_ab_inst]
set_property LOC BUFR_X1Y4 [get_cells CLK_GEN[2].INX/bufr_ab_inst]
set_property LOC BUFR_X1Y9 [get_cells CLK_GEN[1].INX/bufr_ab_inst]
set_property LOC BUFR_X1Y8 [get_cells CLK_GEN[0].INX/bufr_ab_inst]

# Location of IO Primitives which is load of clock spine

# Location of clock ports
set_property LOC IOB_X1Y71 [get_ports CLK200_N]
set_property LOC IOB_X1Y72 [get_ports CLK200_P]
set_property LOC IOB_X1Y123 [get_ports adc_clk_n[0]]
set_property LOC IOB_X1Y121 [get_ports adc_clk_n[1]]
set_property LOC IOB_X1Y75 [get_ports adc_clk_n[2]]
set_property LOC IOB_X1Y77 [get_ports adc_clk_n[3]]
set_property LOC IOB_X1Y124 [get_ports adc_clk_p[0]]
set_property LOC IOB_X1Y122 [get_ports adc_clk_p[1]]
set_property LOC IOB_X1Y76 [get_ports adc_clk_p[2]]
set_property LOC IOB_X1Y78 [get_ports adc_clk_p[3]]

# Clock net "i_system/processing_system7_1/inst/FCLK_CLK1" driven by instance "i_system/processing_system7_1/inst/buffer_fclk_clk_1.FCLK_CLK_1_BUFG" located at site "BUFGCTRL_X0Y20"
#startgroup
create_pblock {CLKAG_i_system/processing_system7_1/inst/FCLK_CLK1}
add_cells_to_pblock [get_pblocks  {CLKAG_i_system/processing_system7_1/inst/FCLK_CLK1}] [get_cells -filter { PRIMITIVE_GROUP != I/O && IS_PRIMITIVE==1 && PRIMITIVE_LEVEL !=INTERNAL } -of_object [get_pins -filter {DIRECTION==IN} -of_objects [get_nets -hierarchical -filter {PARENT=="i_system/processing_system7_1/inst/FCLK_CLK1"}]]]
resize_pblock [get_pblocks {CLKAG_i_system/processing_system7_1/inst/FCLK_CLK1}] -add {CLOCKREGION_X0Y1:CLOCKREGION_X0Y1 CLOCKREGION_X1Y2:CLOCKREGION_X1Y2}
#endgroup

# Clock net "i_system/processing_system7_1/inst/FCLK_CLK0" driven by instance "i_system/processing_system7_1/inst/buffer_fclk_clk_0.FCLK_CLK_0_BUFG" located at site "BUFGCTRL_X0Y17"
#startgroup
create_pblock {CLKAG_i_system/processing_system7_1/inst/FCLK_CLK0}
add_cells_to_pblock [get_pblocks  {CLKAG_i_system/processing_system7_1/inst/FCLK_CLK0}] [get_cells -filter { PRIMITIVE_GROUP != I/O && IS_PRIMITIVE==1 && PRIMITIVE_LEVEL !=INTERNAL && NAME!=i_system/clk_wiz/inst/mmcm_adv_inst} -of_object [get_pins -filter {DIRECTION==IN} -of_objects [get_nets -hierarchical -filter {PARENT=="i_system/processing_system7_1/inst/FCLK_CLK0"}]]]
resize_pblock [get_pblocks {CLKAG_i_system/processing_system7_1/inst/FCLK_CLK0}] -add {CLOCKREGION_X0Y1:CLOCKREGION_X0Y1 CLOCKREGION_X0Y2:CLOCKREGION_X0Y2 CLOCKREGION_X0Y3:CLOCKREGION_X0Y3 CLOCKREGION_X1Y1:CLOCKREGION_X1Y1 CLOCKREGION_X1Y2:CLOCKREGION_X1Y2 CLOCKREGION_X1Y3:CLOCKREGION_X1Y3}
#endgroup

# Clock net "i_system/clk_wiz/inst/clk_out1" driven by instance "i_system/clk_wiz/inst/clkout1_buf" located at site "BUFGCTRL_X0Y0"
#startgroup
create_pblock {CLKAG_i_system/clk_wiz/inst/clk_out1}
add_cells_to_pblock [get_pblocks  {CLKAG_i_system/clk_wiz/inst/clk_out1}] [get_cells -filter { PRIMITIVE_GROUP != I/O && IS_PRIMITIVE==1 && PRIMITIVE_LEVEL !=INTERNAL } -of_object [get_pins -filter {DIRECTION==IN} -of_objects [get_nets -hierarchical -filter {PARENT=="i_system/clk_wiz/inst/clk_out1"}]]]
resize_pblock [get_pblocks {CLKAG_i_system/clk_wiz/inst/clk_out1}] -add {CLOCKREGION_X0Y1:CLOCKREGION_X0Y1 CLOCKREGION_X0Y2:CLOCKREGION_X0Y2 CLOCKREGION_X1Y1:CLOCKREGION_X1Y1 CLOCKREGION_X1Y2:CLOCKREGION_X1Y2}
#endgroup

# Clock net "i_system/SDRAM/u_MercuryZX1_SDRAM_0_mig/u_iodelay_ctrl/clk_ref_200.u_bufg_clk_ref_n_0" driven by instance "i_system/SDRAM/u_MercuryZX1_SDRAM_0_mig/u_iodelay_ctrl/clk_ref_200.u_bufg_clk_ref" located at site "BUFGCTRL_X0Y3"
#startgroup
create_pblock {CLKAG_i_system/SDRAM/u_MercuryZX1_SDRAM_0_mig/u_iodelay_ctrl/clk_ref_200.u_bufg_clk_ref_n_0}
add_cells_to_pblock [get_pblocks  {CLKAG_i_system/SDRAM/u_MercuryZX1_SDRAM_0_mig/u_iodelay_ctrl/clk_ref_200.u_bufg_clk_ref_n_0}] [get_cells -filter { PRIMITIVE_GROUP != I/O && IS_PRIMITIVE==1 && PRIMITIVE_LEVEL !=INTERNAL } -of_object [get_pins -filter {DIRECTION==IN} -of_objects [get_nets -hierarchical -filter {PARENT=="i_system/SDRAM/u_MercuryZX1_SDRAM_0_mig/u_iodelay_ctrl/clk_ref_200.u_bufg_clk_ref_n_0"}]]]
resize_pblock [get_pblocks {CLKAG_i_system/SDRAM/u_MercuryZX1_SDRAM_0_mig/u_iodelay_ctrl/clk_ref_200.u_bufg_clk_ref_n_0}] -add {CLOCKREGION_X1Y3:CLOCKREGION_X1Y3}
#endgroup

# Clock net "i_system/SDRAM/u_MercuryZX1_SDRAM_0_mig/u_ddr3_infrastructure/CLK" driven by instance "i_system/SDRAM/u_MercuryZX1_SDRAM_0_mig/u_ddr3_infrastructure/u_bufg_clkdiv0" located at site "BUFGCTRL_X0Y16"
#startgroup
create_pblock {CLKAG_i_system/SDRAM/u_MercuryZX1_SDRAM_0_mig/u_ddr3_infrastructure/CLK}
add_cells_to_pblock [get_pblocks  {CLKAG_i_system/SDRAM/u_MercuryZX1_SDRAM_0_mig/u_ddr3_infrastructure/CLK}] [get_cells -filter { PRIMITIVE_GROUP != I/O && IS_PRIMITIVE==1 && PRIMITIVE_LEVEL !=INTERNAL && NAME!=i_system/SDRAM/u_MercuryZX1_SDRAM_0_mig/u_ddr3_infrastructure/gen_mmcm.mmcm_i} -of_object [get_pins -filter {DIRECTION==IN} -of_objects [get_nets -hierarchical -filter {PARENT=="i_system/SDRAM/u_MercuryZX1_SDRAM_0_mig/u_ddr3_infrastructure/CLK"}]]]
resize_pblock [get_pblocks {CLKAG_i_system/SDRAM/u_MercuryZX1_SDRAM_0_mig/u_ddr3_infrastructure/CLK}] -add {CLOCKREGION_X0Y1:CLOCKREGION_X0Y1 CLOCKREGION_X0Y2:CLOCKREGION_X0Y2 CLOCKREGION_X0Y3:CLOCKREGION_X0Y3 CLOCKREGION_X1Y2:CLOCKREGION_X1Y2 CLOCKREGION_X1Y3:CLOCKREGION_X1Y3}
#endgroup

# Clock net "dbg_hub/inst/BSCANID.u_xsdbm_id/itck_i" driven by instance "dbg_hub/inst/BSCANID.u_xsdbm_id/SWITCH_N_EXT_BSCAN.u_bufg_icon_tck" located at site "BUFGCTRL_X0Y4"
#startgroup
create_pblock {CLKAG_dbg_hub/inst/BSCANID.u_xsdbm_id/itck_i}
add_cells_to_pblock [get_pblocks  {CLKAG_dbg_hub/inst/BSCANID.u_xsdbm_id/itck_i}] [get_cells -filter { PRIMITIVE_GROUP != I/O && IS_PRIMITIVE==1 && PRIMITIVE_LEVEL !=INTERNAL } -of_object [get_pins -filter {DIRECTION==IN} -of_objects [get_nets -hierarchical -filter {PARENT=="dbg_hub/inst/BSCANID.u_xsdbm_id/itck_i"}]]]
resize_pblock [get_pblocks {CLKAG_dbg_hub/inst/BSCANID.u_xsdbm_id/itck_i}] -add {CLOCKREGION_X1Y1:CLOCKREGION_X1Y1 CLOCKREGION_X1Y2:CLOCKREGION_X1Y2}
#endgroup

# Clock net "CLK_GEN[3].INX/CLK" driven by instance "CLK_GEN[3].INX/bufg_ab_inst" located at site "BUFGCTRL_X0Y2"
#startgroup
create_pblock {CLKAG_CLK_GEN[3].INX/CLK}
add_cells_to_pblock [get_pblocks  {CLKAG_CLK_GEN[3].INX/CLK}] [get_cells -filter { PRIMITIVE_GROUP != I/O && IS_PRIMITIVE==1 && PRIMITIVE_LEVEL !=INTERNAL } -of_object [get_pins -filter {DIRECTION==IN} -of_objects [get_nets -hierarchical -filter {PARENT=="CLK_GEN[3].INX/CLK"}]]]
resize_pblock [get_pblocks {CLKAG_CLK_GEN[3].INX/CLK}] -add {CLOCKREGION_X0Y1:CLOCKREGION_X0Y1 CLOCKREGION_X0Y2:CLOCKREGION_X0Y2 CLOCKREGION_X1Y1:CLOCKREGION_X1Y1 CLOCKREGION_X1Y2:CLOCKREGION_X1Y2}
#endgroup

# Clock net "CLK_GEN[2].INX/CLK" driven by instance "CLK_GEN[2].INX/bufg_ab_inst" located at site "BUFGCTRL_X0Y1"
#startgroup
create_pblock {CLKAG_CLK_GEN[2].INX/CLK}
add_cells_to_pblock [get_pblocks  {CLKAG_CLK_GEN[2].INX/CLK}] [get_cells -filter { PRIMITIVE_GROUP != I/O && IS_PRIMITIVE==1 && PRIMITIVE_LEVEL !=INTERNAL } -of_object [get_pins -filter {DIRECTION==IN} -of_objects [get_nets -hierarchical -filter {PARENT=="CLK_GEN[2].INX/CLK"}]]]
resize_pblock [get_pblocks {CLKAG_CLK_GEN[2].INX/CLK}] -add {CLOCKREGION_X0Y1:CLOCKREGION_X0Y1 CLOCKREGION_X0Y2:CLOCKREGION_X0Y2 CLOCKREGION_X1Y1:CLOCKREGION_X1Y1 CLOCKREGION_X1Y2:CLOCKREGION_X1Y2}
#endgroup

# Clock net "CLK_GEN[1].INX/CLK" driven by instance "CLK_GEN[1].INX/bufg_ab_inst" located at site "BUFGCTRL_X0Y19"
#startgroup
create_pblock {CLKAG_CLK_GEN[1].INX/CLK}
add_cells_to_pblock [get_pblocks  {CLKAG_CLK_GEN[1].INX/CLK}] [get_cells -filter { PRIMITIVE_GROUP != I/O && IS_PRIMITIVE==1 && PRIMITIVE_LEVEL !=INTERNAL } -of_object [get_pins -filter {DIRECTION==IN} -of_objects [get_nets -hierarchical -filter {PARENT=="CLK_GEN[1].INX/CLK"}]]]
resize_pblock [get_pblocks {CLKAG_CLK_GEN[1].INX/CLK}] -add {CLOCKREGION_X0Y1:CLOCKREGION_X0Y1 CLOCKREGION_X0Y2:CLOCKREGION_X0Y2 CLOCKREGION_X1Y2:CLOCKREGION_X1Y2}
#endgroup

# Clock net "CLK_GEN[0].INX/ADC_Clk_Out" driven by instance "CLK_GEN[0].INX/bufg_ab_inst" located at site "BUFGCTRL_X0Y18"
#startgroup
create_pblock {CLKAG_CLK_GEN[0].INX/ADC_Clk_Out}
add_cells_to_pblock [get_pblocks  {CLKAG_CLK_GEN[0].INX/ADC_Clk_Out}] [get_cells -filter { PRIMITIVE_GROUP != I/O && IS_PRIMITIVE==1 && PRIMITIVE_LEVEL !=INTERNAL } -of_object [get_pins -filter {DIRECTION==IN} -of_objects [get_nets -hierarchical -filter {PARENT=="CLK_GEN[0].INX/ADC_Clk_Out"}]]]
resize_pblock [get_pblocks {CLKAG_CLK_GEN[0].INX/ADC_Clk_Out}] -add {CLOCKREGION_X0Y1:CLOCKREGION_X0Y1 CLOCKREGION_X1Y1:CLOCKREGION_X1Y1 CLOCKREGION_X1Y2:CLOCKREGION_X1Y2}
#endgroup
